Watching for file changes with StatReloader
[17/Aug/2025 16:16:01] "GET /dashboard/ HTTP/1.1" 200 133602
[17/Aug/2025 16:18:52] "GET /forecasting/ HTTP/1.1" 200 10140
[17/Aug/2025 16:18:52] "GET /static/images/tercero-capital-logo.png HTTP/1.1" 304 0
[17/Aug/2025 16:18:52] "GET /static/css/styles.css?v=2025731 HTTP/1.1" 304 0
[17/Aug/2025 16:18:52] "GET /static/js/portfolio-manager.js?v=2025813b HTTP/1.1" 304 0
/Users/teddyjames/Desktop/Property_Dashboard/Property_Dashboard_app/urls.py changed, reloading.
Performing system checks...

System check identified no issues (0 silenced).
August 17, 2025 - 16:15:58
Django version 4.2.15, using settings 'Property_Dashboard.settings'
Starting development server at http://127.0.0.1:8000/
Quit the server with CONTROL-C.

Watching for file changes with StatReloader
/Users/teddyjames/Desktop/Property_Dashboard/Property_Dashboard_app/views.py changed, reloading.
Performing system checks...

System check identified no issues (0 silenced).
August 17, 2025 - 16:25:10
Django version 4.2.15, using settings 'Property_Dashboard.settings'
Starting development server at http://127.0.0.1:8000/
Quit the server with CONTROL-C.

Watching for file changes with StatReloader
/Users/teddyjames/Desktop/Property_Dashboard/Property_Dashboard_app/urls.py changed, reloading.
Performing system checks...

System check identified no issues (0 silenced).
August 17, 2025 - 16:25:22
Django version 4.2.15, using settings 'Property_Dashboard.settings'
Starting development server at http://127.0.0.1:8000/
Quit the server with CONTROL-C.

Watching for file changes with StatReloader
/Users/teddyjames/Desktop/Property_Dashboard/Property_Dashboard_app/views.py changed, reloading.
Performing system checks...

System check identified no issues (0 silenced).
August 17, 2025 - 16:36:54
Django version 4.2.15, using settings 'Property_Dashboard.settings'
Starting development server at http://127.0.0.1:8000/
Quit the server with CONTROL-C.

Watching for file changes with StatReloader
Not Found: /forecasting/
[17/Aug/2025 16:41:45] "GET /forecasting/ HTTP/1.1" 404 4117
[17/Aug/2025 16:41:50] "GET / HTTP/1.1" 200 213
[17/Aug/2025 16:42:10] "GET /income_and_expenses/ HTTP/1.1" 200 15270
[17/Aug/2025 16:42:15] "GET /dashboard/ HTTP/1.1" 200 133602
[17/Aug/2025 16:42:24] "GET /portfolio_performance/ HTTP/1.1" 200 60948
[17/Aug/2025 16:44:50] "GET /portfolio_performance/ HTTP/1.1" 200 50335
[17/Aug/2025 16:47:38] "GET /portfolio_performance/ HTTP/1.1" 200 50335
